
> taskconnect-frontend@1.0.0 build
> vite build

[36mvite v5.4.21 [32mbuilding for production...[36m[39m
transforming...
node.exe : (node:5380) 
[MODULE_TYPELESS_PACKAG
E_JSON] Warning: 
Module type of file:///
D:/Asha_work/Skillstree
t/frontend/postcss.conf
ig.js is not specified 
and it doesn't parse 
as CommonJS.
At line:1 char:1
+ & "C:\Program 
Files\nodejs/node.exe" 
"C:\Program 
Files\nodejs/node_mo 
...
+ ~~~~~~~~~~~~~~~~~~~~~
~~~~~~~~~~~~~~~~~~~~~~~
~~~~~~~~~~~~~~~~~~~~~~~
~~
    + CategoryInfo     
         : 
NotSpecified: ((no    
de:5380) [MO...se as C 
   ommonJS.:String) 
[], R    emoteException
    + 
FullyQualifiedErrorI   
 d : NativeCommandError
 
Reparsing as ES module 
because module syntax 
was detected. This 
incurs a performance 
overhead.
To eliminate this 
warning, add "type": 
"module" to D:\Asha_wor
k\Skillstreet\frontend\
package.json.
(Use `node 
--trace-warnings ...` 
to show where the 
warning was created)
[32mΓ£ô[39m 4 modules transformed.
[31mx[39m Build 
failed in 586ms
[31merror during 
build:
[31m[vite:css] 
[postcss] D:/Asha_work/
Skillstreet/frontend/sr
c/index.css:38:5: The `
dark:hover:text-primary
-300` class does not 
exist. If `dark:hover:t
ext-primary-300` is a 
custom class, make 
sure it is defined 
within a `@layer` 
directive.[31m
file: [36mD:/Asha_work
/Skillstreet/frontend/s
rc/index.css:38:4[31m
    at Input.error (D:\
Asha_work\Skillstreet\f
rontend\node_modules\po
stcss\lib\input.js:135:
16)
    at AtRule.error (D:
\Asha_work\Skillstreet\
frontend\node_modules\p
ostcss\lib\node.js:146:
32)
    at processApply (D:
\Asha_work\Skillstreet\
frontend\node_modules\t
ailwindcss\lib\lib\expa
ndApplyAtRules.js:380:2
9)
    at D:\Asha_work\Ski
llstreet\frontend\node_
modules\tailwindcss\lib
\lib\expandApplyAtRules
.js:551:9
    at D:\Asha_work\Ski
llstreet\frontend\node_
modules\tailwindcss\lib
\processTailwindFeature
s.js:55:50
    at async plugins (D
:\Asha_work\Skillstreet
\frontend\node_modules\
tailwindcss\lib\plugin.
js:38:17)
    at async 
LazyResult.runAsync (D:
\Asha_work\Skillstreet\
frontend\node_modules\p
ostcss\lib\lazy-result.
js:293:11)
    at async 
compileCSS (file:///D:/
Asha_work/Skillstreet/f
rontend/node_modules/vi
te/dist/node/chunks/dep
-BK3b2jBa.js:36898:21)
    at async 
Object.transform (file:
///D:/Asha_work/Skillst
reet/frontend/node_modu
les/vite/dist/node/chun
ks/dep-BK3b2jBa.js:3617
1:11)
    at async transform 
(file:///D:/Asha_work/S
killstreet/frontend/nod
e_modules/rollup/dist/e
s/shared/node-entry.js:
21269:16)[39m
